// Jest Snapshot v1, https://goo.gl/fbAQLP

exports[`renders a note left by user 1`] = `
<div>
  <h2>
    Izzie the Dog
  </h2>
  <p>
    words here
  </p>
</div>
`;
